---
source: crates/aif-markdown/tests/import_md.rs
expression: doc
---
metadata:
  title: Lists
blocks:
  - kind:
      type: Section
      attrs:
        id: ~
        pairs: {}
      title:
        - type: Text
          text: Lists
      children: []
    span:
      start: 0
      end: 0
  - kind:
      type: List
      ordered: false
      items:
        - content:
            - type: Text
              text: item one
          children: []
        - content:
            - type: Text
              text: item two
          children: []
        - content:
            - type: Text
              text: item three
          children: []
    span:
      start: 0
      end: 0
